[15:18:52.456Z mono=47282.478] CREATED pad name='Microsoft X-Box 360 pad' 0x045e:0x028e -> /dev/input/event256
[15:18:52.456Z mono=47282.478] WARMUP 8.0s
[15:19:00.457Z mono=47290.478] CONTROL-FIFO /tmp/synthetic_pad_ctrl — write DSL actions (e.g. 'press SOUTH 120'); 'quit' to stop
[15:19:07.918Z mono=47297.939] press SOUTH 120.0ms (down)
[15:19:08.038Z mono=47298.060] press SOUTH (up)
[15:19:08.038Z mono=47298.060] wait 500.0ms
[15:19:08.539Z mono=47298.560] press SOUTH 120.0ms (down)
[15:19:08.660Z mono=47298.681] press SOUTH (up)
[15:19:08.660Z mono=47298.681] wait 500.0ms
[15:19:09.160Z mono=47299.181] press SOUTH 120.0ms (down)
[15:19:09.280Z mono=47299.301] press SOUTH (up)
[15:19:09.280Z mono=47299.301] wait 400.0ms
[15:19:27.416Z mono=47317.437] press EAST 430.0ms (down)
[15:19:27.846Z mono=47317.867] press EAST (up)
[15:19:27.846Z mono=47317.868] wait 800.0ms
[15:19:28.647Z mono=47318.668] press EAST 450.0ms (down)
[15:19:29.097Z mono=47319.118] press EAST (up)
[15:19:29.097Z mono=47319.119] wait 800.0ms
[15:19:29.897Z mono=47319.919] press EAST 470.0ms (down)
[15:19:30.368Z mono=47320.389] press EAST (up)
[15:19:30.368Z mono=47320.389] wait 800.0ms
[15:19:51.285Z mono=47341.306] down NORTH
[15:19:51.285Z mono=47341.306] wait 60.0ms
[15:19:51.345Z mono=47341.366] up NORTH
[15:19:51.345Z mono=47341.366] wait 110.0ms
[15:19:51.455Z mono=47341.476] press NORTH 60.0ms (down)
[15:19:51.515Z mono=47341.536] press NORTH (up)
[15:19:51.515Z mono=47341.536] wait 800.0ms
[15:19:52.315Z mono=47342.337] down NORTH
[15:19:52.315Z mono=47342.337] wait 60.0ms
[15:19:52.375Z mono=47342.397] up NORTH
[15:19:52.376Z mono=47342.397] wait 130.0ms
[15:19:52.506Z mono=47342.527] press NORTH 60.0ms (down)
[15:19:52.566Z mono=47342.587] press NORTH (up)
[15:19:52.566Z mono=47342.587] wait 800.0ms
[15:19:53.366Z mono=47343.387] down NORTH
[15:19:53.366Z mono=47343.387] wait 60.0ms
[15:19:53.426Z mono=47343.448] up NORTH
[15:19:53.426Z mono=47343.448] wait 150.0ms
[15:19:53.576Z mono=47343.598] press NORTH 60.0ms (down)
[15:19:53.637Z mono=47343.658] press NORTH (up)
[15:19:53.637Z mono=47343.658] wait 800.0ms
[15:20:27.261Z mono=47377.282] axis RZ=100
[15:20:27.261Z mono=47377.282] wait 450.0ms
[15:20:27.711Z mono=47377.732] axis RZ=255
[15:20:27.711Z mono=47377.732] wait 450.0ms
[15:20:28.161Z mono=47378.182] axis RZ=0
[15:20:28.161Z mono=47378.182] wait 600.0ms
[15:20:28.761Z mono=47378.783] axis RZ=255
[15:20:28.761Z mono=47378.783] wait 450.0ms
[15:20:29.212Z mono=47379.233] axis RZ=0
[15:20:29.212Z mono=47379.233] wait 600.0ms
[15:22:01.339Z mono=47471.360] press SOUTH 120.0ms (down)
[15:22:01.459Z mono=47471.480] press SOUTH (up)
[15:22:01.459Z mono=47471.480] wait 500.0ms
[15:22:01.959Z mono=47471.980] press SOUTH 120.0ms (down)
[15:22:02.079Z mono=47472.101] press SOUTH (up)
[15:22:02.080Z mono=47472.101] wait 500.0ms
[15:22:02.580Z mono=47472.601] press SOUTH 120.0ms (down)
[15:22:02.700Z mono=47472.721] press SOUTH (up)
[15:22:02.700Z mono=47472.721] wait 400.0ms
[15:22:20.842Z mono=47490.864] press EAST 120.0ms (down)
[15:22:20.963Z mono=47490.984] press EAST (up)
[15:22:20.963Z mono=47490.984] wait 800.0ms
[15:22:21.763Z mono=47491.784] press EAST 600.0ms (down)
[15:22:22.363Z mono=47492.384] press EAST (up)
[15:22:22.363Z mono=47492.384] wait 800.0ms
[15:23:35.905Z mono=47565.926] press SOUTH 120.0ms (down)
[15:23:36.025Z mono=47566.046] press SOUTH (up)
[15:23:36.025Z mono=47566.046] wait 500.0ms
[15:23:36.525Z mono=47566.546] press SOUTH 120.0ms (down)
[15:23:36.645Z mono=47566.667] press SOUTH (up)
[15:23:36.645Z mono=47566.667] wait 500.0ms
[15:23:37.146Z mono=47567.167] press SOUTH 120.0ms (down)
[15:23:37.266Z mono=47567.287] press SOUTH (up)
[15:23:37.266Z mono=47567.287] wait 400.0ms
[15:23:53.865Z mono=47583.886] press EAST 120.0ms (down)
[15:23:53.985Z mono=47584.006] press EAST (up)
[15:23:53.985Z mono=47584.006] wait 800.0ms
[15:23:54.785Z mono=47584.807] press EAST 600.0ms (down)
[15:23:55.385Z mono=47585.407] press EAST (up)
[15:23:55.386Z mono=47585.407] wait 800.0ms
[15:26:53.975Z mono=47763.996] DESTROY pad
