# build.log trimmed to signal (full per-file ninja output dropped; reproducible via the recipe in result.md)
813:/home/jangmanj/JangLabs/jangsjyro/JoyShockMapper/include/JSMVariable.hpp:214:19: warning: 'value' overrides a member function but is not marked 'override' [-Winconsistent-missing-override]
819:/home/jangmanj/JangLabs/jangsjyro/JoyShockMapper/include/JSMVariable.hpp:209:10: warning: 'operator ControllerOrientation' overrides a member function but is not marked 'override' [-Winconsistent-missing-override]
837:/home/jangmanj/JangLabs/jangsjyro/JoyShockMapper/include/JSMVariable.hpp:214:19: warning: 'value' overrides a member function but is not marked 'override' [-Winconsistent-missing-override]
843:/home/jangmanj/JangLabs/jangsjyro/JoyShockMapper/include/JSMVariable.hpp:209:10: warning: 'operator RingMode' overrides a member function but is not marked 'override' [-Winconsistent-missing-override]
861:/home/jangmanj/JangLabs/jangsjyro/JoyShockMapper/include/JSMVariable.hpp:214:19: warning: 'value' overrides a member function but is not marked 'override' [-Winconsistent-missing-override]
868:/home/jangmanj/JangLabs/jangsjyro/JoyShockMapper/include/JoyShock.h:165:12: warning: 123 enumeration values not handled in switch: 'INVALID', 'ZERO', 'MIN_GYRO_SENS'... [-Wswitch]
877:/home/jangmanj/JangLabs/jangsjyro/JoyShockMapper/include/JSMVariable.hpp:209:10: warning: 'operator StickMode' overrides a member function but is not marked 'override' [-Winconsistent-missing-override]
895:/home/jangmanj/JangLabs/jangsjyro/JoyShockMapper/include/JSMVariable.hpp:214:19: warning: 'value' overrides a member function but is not marked 'override' [-Winconsistent-missing-override]
903:/home/jangmanj/JangLabs/jangsjyro/JoyShockMapper/src/Mapping.cpp:108:11: warning: enumeration values 'OnTapRelease' and 'INVALID' not handled in switch [-Wswitch]
906:/home/jangmanj/JangLabs/jangsjyro/JoyShockMapper/src/Mapping.cpp:223:10: warning: enumeration value 'None' not handled in switch [-Wswitch]
913:/home/jangmanj/JangLabs/jangsjyro/JoyShockMapper/include/JSMVariable.hpp:209:10: warning: 'operator Mapping' overrides a member function but is not marked 'override' [-Winconsistent-missing-override]
922:/home/jangmanj/JangLabs/jangsjyro/JoyShockMapper/include/JSMVariable.hpp:214:19: warning: 'value' overrides a member function but is not marked 'override' [-Winconsistent-missing-override]
929:/home/jangmanj/JangLabs/jangsjyro/JoyShockMapper/include/JoyShock.h:165:12: warning: 123 enumeration values not handled in switch: 'INVALID', 'ZERO', 'MIN_GYRO_SENS'... [-Wswitch]
934:/home/jangmanj/JangLabs/jangsjyro/JoyShockMapper/include/JSMVariable.hpp:209:10: warning: 'operator float' overrides a member function but is not marked 'override' [-Winconsistent-missing-override]
946:/home/jangmanj/JangLabs/jangsjyro/JoyShockMapper/include/JSMVariable.hpp:214:19: warning: 'value' overrides a member function but is not marked 'override' [-Winconsistent-missing-override]
952:/home/jangmanj/JangLabs/jangsjyro/JoyShockMapper/src/main.cpp:638:10: warning: enumeration value 'INVALID' not handled in switch [-Wswitch]
955:/home/jangmanj/JangLabs/jangsjyro/JoyShockMapper/src/main.cpp:917:12: warning: enumeration values 'JOYCON_SIDEWAYS' and 'INVALID' not handled in switch [-Wswitch]
960:/home/jangmanj/JangLabs/jangsjyro/JoyShockMapper/include/JSMVariable.hpp:209:10: warning: 'operator GyroSettings' overrides a member function but is not marked 'override' [-Winconsistent-missing-override]
972:/home/jangmanj/JangLabs/jangsjyro/JoyShockMapper/include/JSMVariable.hpp:214:19: warning: 'value' overrides a member function but is not marked 'override' [-Winconsistent-missing-override]
978:/home/jangmanj/JangLabs/jangsjyro/JoyShockMapper/include/JSMVariable.hpp:209:10: warning: 'operator Switch' overrides a member function but is not marked 'override' [-Winconsistent-missing-override]
990:/home/jangmanj/JangLabs/jangsjyro/JoyShockMapper/include/JSMVariable.hpp:214:19: warning: 'value' overrides a member function but is not marked 'override' [-Winconsistent-missing-override]
996:/home/jangmanj/JangLabs/jangsjyro/JoyShockMapper/include/JSMVariable.hpp:209:10: warning: 'operator pair' overrides a member function but is not marked 'override' [-Winconsistent-missing-override]
1008:/home/jangmanj/JangLabs/jangsjyro/JoyShockMapper/include/JSMVariable.hpp:214:19: warning: 'value' overrides a member function but is not marked 'override' [-Winconsistent-missing-override]
1014:/home/jangmanj/JangLabs/jangsjyro/JoyShockMapper/include/JSMVariable.hpp:209:10: warning: 'operator FloatXY' overrides a member function but is not marked 'override' [-Winconsistent-missing-override]
1026:/home/jangmanj/JangLabs/jangsjyro/JoyShockMapper/include/JSMVariable.hpp:214:19: warning: 'value' overrides a member function but is not marked 'override' [-Winconsistent-missing-override]
1032:/home/jangmanj/JangLabs/jangsjyro/JoyShockMapper/include/JSMVariable.hpp:209:10: warning: 'operator RingMode' overrides a member function but is not marked 'override' [-Winconsistent-missing-override]
1044:/home/jangmanj/JangLabs/jangsjyro/JoyShockMapper/include/JSMVariable.hpp:214:19: warning: 'value' overrides a member function but is not marked 'override' [-Winconsistent-missing-override]
1050:/home/jangmanj/JangLabs/jangsjyro/JoyShockMapper/include/JSMVariable.hpp:209:10: warning: 'operator StickMode' overrides a member function but is not marked 'override' [-Winconsistent-missing-override]
1062:/home/jangmanj/JangLabs/jangsjyro/JoyShockMapper/include/JSMVariable.hpp:214:19: warning: 'value' overrides a member function but is not marked 'override' [-Winconsistent-missing-override]
1068:/home/jangmanj/JangLabs/jangsjyro/JoyShockMapper/include/JSMVariable.hpp:209:10: warning: 'operator GyroAxisMask' overrides a member function but is not marked 'override' [-Winconsistent-missing-override]
1080:/home/jangmanj/JangLabs/jangsjyro/JoyShockMapper/include/JSMVariable.hpp:214:19: warning: 'value' overrides a member function but is not marked 'override' [-Winconsistent-missing-override]
1086:/home/jangmanj/JangLabs/jangsjyro/JoyShockMapper/include/JSMVariable.hpp:209:10: warning: 'operator JoyconMask' overrides a member function but is not marked 'override' [-Winconsistent-missing-override]
1098:/home/jangmanj/JangLabs/jangsjyro/JoyShockMapper/include/JSMVariable.hpp:214:19: warning: 'value' overrides a member function but is not marked 'override' [-Winconsistent-missing-override]
1104:/home/jangmanj/JangLabs/jangsjyro/JoyShockMapper/include/JSMVariable.hpp:209:10: warning: 'operator TriggerMode' overrides a member function but is not marked 'override' [-Winconsistent-missing-override]
1116:/home/jangmanj/JangLabs/jangsjyro/JoyShockMapper/include/JSMVariable.hpp:214:19: warning: 'value' overrides a member function but is not marked 'override' [-Winconsistent-missing-override]
1122:/home/jangmanj/JangLabs/jangsjyro/JoyShockMapper/include/JSMVariable.hpp:209:10: warning: 'operator FlickSnapMode' overrides a member function but is not marked 'override' [-Winconsistent-missing-override]
1134:/home/jangmanj/JangLabs/jangsjyro/JoyShockMapper/include/JSMVariable.hpp:214:19: warning: 'value' overrides a member function but is not marked 'override' [-Winconsistent-missing-override]
1140:/home/jangmanj/JangLabs/jangsjyro/JoyShockMapper/include/JSMVariable.hpp:209:10: warning: 'operator AxisMode' overrides a member function but is not marked 'override' [-Winconsistent-missing-override]
1152:/home/jangmanj/JangLabs/jangsjyro/JoyShockMapper/include/JSMVariable.hpp:214:19: warning: 'value' overrides a member function but is not marked 'override' [-Winconsistent-missing-override]
1158:/home/jangmanj/JangLabs/jangsjyro/JoyShockMapper/include/JSMVariable.hpp:209:10: warning: 'operator ControllerOrientation' overrides a member function but is not marked 'override' [-Winconsistent-missing-override]
1170:/home/jangmanj/JangLabs/jangsjyro/JoyShockMapper/include/JSMVariable.hpp:214:19: warning: 'value' overrides a member function but is not marked 'override' [-Winconsistent-missing-override]
1176:/home/jangmanj/JangLabs/jangsjyro/JoyShockMapper/include/JSMVariable.hpp:209:10: warning: 'operator GyroSpace' overrides a member function but is not marked 'override' [-Winconsistent-missing-override]
1188:/home/jangmanj/JangLabs/jangsjyro/JoyShockMapper/include/JSMVariable.hpp:214:19: warning: 'value' overrides a member function but is not marked 'override' [-Winconsistent-missing-override]
1194:/home/jangmanj/JangLabs/jangsjyro/JoyShockMapper/include/JSMVariable.hpp:209:10: warning: 'operator Color' overrides a member function but is not marked 'override' [-Winconsistent-missing-override]
1206:/home/jangmanj/JangLabs/jangsjyro/JoyShockMapper/include/JSMVariable.hpp:214:19: warning: 'value' overrides a member function but is not marked 'override' [-Winconsistent-missing-override]
1212:/home/jangmanj/JangLabs/jangsjyro/JoyShockMapper/include/JSMVariable.hpp:209:10: warning: 'operator TouchpadMode' overrides a member function but is not marked 'override' [-Winconsistent-missing-override]
1224:/home/jangmanj/JangLabs/jangsjyro/JoyShockMapper/include/JSMVariable.hpp:214:19: warning: 'value' overrides a member function but is not marked 'override' [-Winconsistent-missing-override]
1230:/home/jangmanj/JangLabs/jangsjyro/JoyShockMapper/include/JSMVariable.hpp:209:10: warning: 'operator AdaptiveTriggerSetting' overrides a member function but is not marked 'override' [-Winconsistent-missing-override]
1242:/home/jangmanj/JangLabs/jangsjyro/JoyShockMapper/include/JSMVariable.hpp:214:19: warning: 'value' overrides a member function but is not marked 'override' [-Winconsistent-missing-override]
1248:/home/jangmanj/JangLabs/jangsjyro/JoyShockMapper/include/JSMVariable.hpp:209:10: warning: 'operator GyroOutput' overrides a member function but is not marked 'override' [-Winconsistent-missing-override]
1260:/home/jangmanj/JangLabs/jangsjyro/JoyShockMapper/include/JSMVariable.hpp:214:19: warning: 'value' overrides a member function but is not marked 'override' [-Winconsistent-missing-override]
1267:/home/jangmanj/JangLabs/jangsjyro/JoyShockMapper/include/JoyShock.h:165:12: warning: 123 enumeration values not handled in switch: 'INVALID', 'ZERO', 'MIN_GYRO_SENS'... [-Wswitch]
1275:/home/jangmanj/JangLabs/jangsjyro/JoyShockMapper/include/JSMVariable.hpp:209:10: warning: 'operator ControllerScheme' overrides a member function but is not marked 'override' [-Winconsistent-missing-override]
1293:/home/jangmanj/JangLabs/jangsjyro/JoyShockMapper/include/JSMVariable.hpp:214:19: warning: 'value' overrides a member function but is not marked 'override' [-Winconsistent-missing-override]
1299:/home/jangmanj/JangLabs/jangsjyro/JoyShockMapper/include/JSMVariable.hpp:209:10: warning: 'operator int' overrides a member function but is not marked 'override' [-Winconsistent-missing-override]
1317:/home/jangmanj/JangLabs/jangsjyro/JoyShockMapper/include/JSMVariable.hpp:214:19: warning: 'value' overrides a member function but is not marked 'override' [-Winconsistent-missing-override]
1323:/home/jangmanj/JangLabs/jangsjyro/JoyShockMapper/include/JSMVariable.hpp:209:10: warning: 'operator PathString' overrides a member function but is not marked 'override' [-Winconsistent-missing-override]
1341:/home/jangmanj/JangLabs/jangsjyro/JoyShockMapper/include/JSMVariable.hpp:214:19: warning: 'value' overrides a member function but is not marked 'override' [-Winconsistent-missing-override]
1348:[420/421] Linking CXX executable JoyShockMapper/JoyShockMapper
1349:BUILD_RC=0
