[1;32mWelcome to JoyShockMapper version v-128-NOTFOUND.-128-NOTFOUND.-128-NOTFOUND!
[FIFO] Opened FIFO for reading (fd=15)
[FIFO] Dummy writer opened (fd=16)
[0;37m[1;34m[AUTOCONNECT] Going from 0 devices to 1.
[0;37m[0;32mAUTOLOAD is available. Files in [0;37m[1;34m/home/jangmanj/.config/JoyShockMapper/AutoLoad/[0;37m[0;32m folder will get loaded automatically when a matching application is in focus.
[0;37m[0;32m1 device connected
[0;37m[0;32mResetting all mappings to defaults
[0;37m[0;32mThere is no [0;37m[1;34mOnReset.txt[0;37m[0;32m file to load.
[0;37m[0;32mThere is no [0;37m[1;34mOnStartup.txt[0;37m[0;32m file to load.
[0;37m[0;32mReconnecting controllers: MERGE
[0;37m[0;32m1 device connected
[0;37m[0;32mThere is no [0;37m[1;34mOnReconnect.txt[0;37m[0;32m file to load.
[0;37mRESET_MAPPINGS
S = SPACE
ZR = LMOUSE
[0;32mResetting all mappings to defaults
[0;37m[0;32mThere is no [0;37m[1;34mOnReset.txt[0;37m[0;32m file to load.
[0;37m[0;32mS mapped to SPACE
[0;37m[0;32mZR mapped to LMOUSE
[0;37mRECONNECT_CONTROLLERS
[0;32mReconnecting controllers: MERGE
[0;37m[0;32m1 device connected
[0;37m[0;32mThere is no [0;37m[1;34mOnReconnect.txt[0;37m[0;32m file to load.
[0;37m[0;32mS: true
[0;37m[0;32mS: false
[0;37m[0;32mZR: true
[0;37m[0;32mZR: false
[0;37m[0;32mS: true
[0;37m[0;32mS: false
[0;37m[0;32mZR: true
[0;37m[0;32mZR: false
[0;37m[1;34m[AUTOCONNECT] Going from 1 devices to 0.
[0;37m[0;32mReconnecting controllers: MERGE
[0;37m[0;32mThere is no [0;37m[1;34mOnReconnect.txt[0;37m[0;32m file to load.
[0;37m