[15:26:58.005Z mono=47768.026] CREATED pad name='Microsoft X-Box 360 pad' 0x045e:0x028e -> /dev/input/event256
[15:26:58.005Z mono=47768.026] WARMUP 9.0s
[15:27:07.005Z mono=47777.026] REPLAY trace /home/jangmanj/JangLabs/jangsjyro/gamepad/runs/20260611T150936Z-chunk-c1-jsm-boundary/traces/doublepress_discriminate.trace
[15:27:07.005Z mono=47777.026] down NORTH
[15:27:07.005Z mono=47777.026] wait 60.0ms
[15:27:07.065Z mono=47777.087] up NORTH
[15:27:07.065Z mono=47777.087] wait 140.0ms
[15:27:07.206Z mono=47777.227] press NORTH 60.0ms (down)
[15:27:07.266Z mono=47777.287] press NORTH (up)
[15:27:07.266Z mono=47777.287] wait 800.0ms
[15:27:08.066Z mono=47778.087] down NORTH
[15:27:08.066Z mono=47778.087] wait 20.0ms
[15:27:08.086Z mono=47778.107] up NORTH
[15:27:08.086Z mono=47778.107] wait 180.0ms
[15:27:08.266Z mono=47778.287] press NORTH 60.0ms (down)
[15:27:08.326Z mono=47778.348] press NORTH (up)
[15:27:08.326Z mono=47778.348] wait 800.0ms
[15:27:09.127Z mono=47779.148] down NORTH
[15:27:09.127Z mono=47779.148] wait 110.0ms
[15:27:09.237Z mono=47779.259] up NORTH
[15:27:09.238Z mono=47779.259] wait 140.0ms
[15:27:09.378Z mono=47779.399] press NORTH 60.0ms (down)
[15:27:09.438Z mono=47779.459] press NORTH (up)
[15:27:09.438Z mono=47779.459] wait 800.0ms
[15:27:10.238Z mono=47780.259] down NORTH
[15:27:10.238Z mono=47780.259] wait 60.0ms
[15:27:10.298Z mono=47780.319] up NORTH
[15:27:10.298Z mono=47780.319] wait 240.0ms
[15:27:10.538Z mono=47780.560] press NORTH 60.0ms (down)
[15:27:10.598Z mono=47780.620] press NORTH (up)
[15:27:10.599Z mono=47780.620] wait 800.0ms
[15:27:11.399Z mono=47781.420] SEQUENCE done; LINGER 4.0s
[15:27:15.399Z mono=47785.420] DESTROY pad
