[15:13:32.374Z mono=46962.395] CREATED pad name='Microsoft X-Box 360 pad' 0x045e:0x028e -> /dev/input/event256
[15:13:32.374Z mono=46962.395] WARMUP 9.0s
[15:13:41.374Z mono=46971.395] REPLAY trace /home/jangmanj/JangLabs/jangsjyro/gamepad/runs/20260611T150936Z-chunk-c1-jsm-boundary/traces/simpress_sticky.trace
[15:13:41.374Z mono=46971.396] press TL 200.0ms (down)
[15:13:41.575Z mono=46971.596] press TL (up)
[15:13:41.575Z mono=46971.596] wait 700.0ms
[15:13:42.275Z mono=46972.296] down TL
[15:13:42.275Z mono=46972.296] down TR
[15:13:42.275Z mono=46972.296] wait 300.0ms
[15:13:42.575Z mono=46972.596] up TR
[15:13:42.575Z mono=46972.597] up TL
[15:13:42.575Z mono=46972.597] wait 100.0ms
[15:13:42.676Z mono=46972.697] press TL 200.0ms (down)
[15:13:42.876Z mono=46972.897] press TL (up)
[15:13:42.876Z mono=46972.897] wait 700.0ms
[15:13:43.576Z mono=46973.597] down TL
[15:13:43.576Z mono=46973.598] down TR
[15:13:43.576Z mono=46973.598] wait 300.0ms
[15:13:43.877Z mono=46973.898] up TR
[15:13:43.877Z mono=46973.898] up TL
[15:13:43.877Z mono=46973.898] wait 300.0ms
[15:13:44.177Z mono=46974.198] press TL 200.0ms (down)
[15:13:44.377Z mono=46974.398] press TL (up)
[15:13:44.377Z mono=46974.398] wait 700.0ms
[15:13:45.077Z mono=46975.099] down TL
[15:13:45.078Z mono=46975.099] down TR
[15:13:45.078Z mono=46975.099] wait 300.0ms
[15:13:45.378Z mono=46975.399] up TR
[15:13:45.378Z mono=46975.399] up TL
[15:13:45.378Z mono=46975.399] wait 1000.0ms
[15:13:46.378Z mono=46976.399] press TL 200.0ms (down)
[15:13:46.578Z mono=46976.600] press TL (up)
[15:13:46.578Z mono=46976.600] wait 700.0ms
[15:13:47.279Z mono=46977.300] SEQUENCE done; LINGER 4.0s
[15:13:51.279Z mono=46981.300] DESTROY pad
